// Jest Snapshot v1, https://goo.gl/fbAQLP

exports[`Testing Dictionary page Render 1`] = `ShallowWrapper {}`;
